---
source: crates/vespertide-exporter/src/tests.rs
expression: rendered
---
use sea_orm::entity::prelude::*;

#[sea_orm::model]
#[derive(Clone, Debug, PartialEq, Eq, DeriveEntityModel)]
#[sea_orm(table_name = "composite_unique")]
pub struct Model {
    #[sea_orm(primary_key)]
    pub id: i32,
    pub tenant_id: i32,
    pub name: String,
}


/// Composite unique constraints — declare in migrations or use Statement builder.
pub const COMPOSITE_UNIQUES: &[&[&str]] = &[
    &["tenant_id", "name"], // uq_tenant_name
];
vespera::schema_type!(Schema from Model, name = "CompositeUniqueSchema");
impl ActiveModelBehavior for ActiveModel {}
