---
source: crates/vespertide-exporter/src/tests.rs
expression: rendered
---
from __future__ import annotations


from sqlmodel import Field, SQLModel


class Configs(SQLModel, table=True):
    __tablename__ = "configs"

    id: int = Field(primary_key=True)
    data: dict = Field(sa_column_kwargs={"server_default": text("{\"hello\": \"world\"}")})
