---
source: crates/vespertide-exporter/src/tests.rs
expression: rendered
---
use sea_orm::entity::prelude::*;

#[sea_orm::model]
#[derive(Clone, Debug, PartialEq, Eq, DeriveEntityModel)]
#[sea_orm(table_name = "composite_index")]
pub struct Model {
    #[sea_orm(primary_key)]
    pub id: i32,
    pub tenant_id: i32,
    pub name: String,
}

// Index definitions (SeaORM uses Statement builders externally)
// idx_tenant_name on [tenant_id, name]
vespera::schema_type!(Schema from Model, name = "CompositeIndexSchema");
impl ActiveModelBehavior for ActiveModel {}
