---
source: crates/vespertide-exporter/src/tests.rs
expression: rendered
---
from __future__ import annotations

from typing import Optional

from sqlalchemy import ForeignKey, Integer
from sqlalchemy.orm import DeclarativeBase, Mapped, mapped_column


class Employees(DeclarativeBase):
    __tablename__ = "employees"

    id: Mapped[int] = mapped_column(Integer, primary_key=True)
    manager_id: Mapped[Optional[int]] = mapped_column(Integer, ForeignKey("employees.id"), nullable=True)
