---
source: crates/vespertide-exporter/src/tests.rs
expression: rendered
---
from __future__ import annotations


from sqlalchemy import BigInteger, Integer
from sqlalchemy.orm import DeclarativeBase, Mapped, mapped_column


class Accounts(DeclarativeBase):
    __tablename__ = "accounts"

    id: Mapped[int] = mapped_column(Integer, primary_key=True)
    tenant_id: Mapped[int] = mapped_column(BigInteger, primary_key=True)
