---
source: crates/vespertide-exporter/src/tests.rs
expression: rendered
---
from __future__ import annotations

from datetime import date

from sqlalchemy import Date, Index, Integer, UniqueConstraint
from sqlalchemy.orm import DeclarativeBase, Mapped, mapped_column


class Events(DeclarativeBase):
    __tablename__ = "events"

    id: Mapped[int] = mapped_column(Integer, primary_key=True)
    venue_id: Mapped[int] = mapped_column(Integer, nullable=False)
    date: Mapped[date] = mapped_column(Date, nullable=False)

    __table_args__ = (
        Index(None, "venue_id", "date"),
        UniqueConstraint("venue_id", "date"),
    )
