---
source: crates/vespertide-exporter/src/tests.rs
expression: rendered
---
from __future__ import annotations

import enum

from sqlalchemy import Integer
from sqlalchemy.orm import DeclarativeBase, Mapped, mapped_column


class TaskStatus(enum.IntEnum):
    Pending = 0
    Completed = 100

class Tasks(DeclarativeBase):
    __tablename__ = "tasks"

    id: Mapped[int] = mapped_column(Integer, nullable=False)
    status: Mapped[TaskStatus] = mapped_column(Integer, nullable=False, server_default="1")
