---
source: crates/vespertide-exporter/src/tests.rs
expression: rendered
---
from __future__ import annotations

from typing import Optional

from sqlalchemy import Integer, String, Text
from sqlalchemy.orm import DeclarativeBase, Mapped, mapped_column


class Profiles(DeclarativeBase):
    __tablename__ = "profiles"

    id: Mapped[int] = mapped_column(Integer, primary_key=True)
    bio: Mapped[Optional[str]] = mapped_column(Text, nullable=True)
    avatar_url: Mapped[Optional[str]] = mapped_column(String(500), nullable=True)
