---
source: crates/vespertide-exporter/src/tests.rs
expression: rendered
---
use sea_orm::entity::prelude::*;

#[sea_orm::model]
#[derive(Clone, Debug, PartialEq, Eq, DeriveEntityModel)]
#[sea_orm(table_name = "string_defaults")]
pub struct Model {
    #[sea_orm(primary_key)]
    pub id: i32,
    #[sea_orm(default_value = "active")]
    pub status: String,
}

vespera::schema_type!(Schema from Model, name = "StringDefaultsSchema");
impl ActiveModelBehavior for ActiveModel {}
