---
source: crates/vespertide-exporter/src/tests.rs
expression: rendered
---
from __future__ import annotations

from typing import Optional

from sqlmodel import Field, SQLModel


class Employees(SQLModel, table=True):
    __tablename__ = "employees"

    id: int = Field(primary_key=True)
    manager_id: Optional[int] = Field(default=None, foreign_key="employees.id")
