---
source: crates/vespertide-exporter/src/tests.rs
expression: rendered
---
from __future__ import annotations

import enum

from sqlalchemy import Enum, Integer
from sqlalchemy.orm import DeclarativeBase, Mapped, mapped_column


class OrderStatus(str, enum.Enum):
    PENDING = "pending"
    SHIPPED = "shipped"
    DELIVERED = "delivered"

class Orders(DeclarativeBase):
    __tablename__ = "orders"

    id: Mapped[int] = mapped_column(Integer, nullable=False)
    status: Mapped[OrderStatus] = mapped_column(Enum(OrderStatus), nullable=False)
