---
source: crates/vespertide-exporter/src/seaorm/mod.rs
expression: result
---
#[derive(Debug, Clone, PartialEq, Eq, EnumIter, DeriveActiveEnum, Serialize, Deserialize)]
#[sea_orm(rs_type = "String", db_type = "Enum", enum_name = "priority")]
pub enum Priority {
    #[sea_orm(string_value = "1_high")]
    N1High,
    #[sea_orm(string_value = "2_medium")]
    N2Medium,
    #[sea_orm(string_value = "3_low")]
    N3Low,
}
