---
source: crates/vespertide-exporter/src/seaorm/mod.rs
expression: rendered
---
use sea_orm::entity::prelude::*;

#[sea_orm::model]
#[derive(Clone, Debug, PartialEq, Eq, DeriveEntityModel)]
#[sea_orm(table_name = "user")]
pub struct Model {
    #[sea_orm(primary_key)]
    pub id: Uuid,
    #[sea_orm(has_many)]
    pub article_users: HasMany<super::article_user::Entity>,
    #[sea_orm(has_many, via = "article_user")]
    pub articles: HasMany<super::article::Entity>,
}

vespera::schema_type!(Schema from Model, name = "UserSchema");
impl ActiveModelBehavior for ActiveModel {}
