---
source: crates/vespertide-exporter/src/seaorm/mod.rs
expression: rendered
---
use sea_orm::entity::prelude::*;
use serde::{Deserialize, Serialize};

#[derive(Debug, Clone, PartialEq, Eq, EnumIter, DeriveActiveEnum, Serialize, Deserialize, vespera::Schema)]
#[serde(rename_all = "camelCase")]
#[sea_orm(rs_type = "String", db_type = "Enum", enum_name = "tasks_task_priority")]
pub enum TaskPriority {
    #[sea_orm(string_value = "low")]
    Low,
    #[sea_orm(string_value = "medium")]
    Medium,
    #[sea_orm(string_value = "high")]
    High,
    #[sea_orm(string_value = "critical")]
    Critical,
}

#[sea_orm::model]
#[derive(Clone, Debug, PartialEq, Eq, DeriveEntityModel, Serialize, Deserialize)]
#[sea_orm(table_name = "tasks")]
pub struct Model {
    #[sea_orm(primary_key)]
    pub id: i32,
    pub priority: Option<TaskPriority>,
}

impl ActiveModelBehavior for ActiveModel {}
