---
source: crates/vespertide-exporter/src/seaorm/mod.rs
expression: rendered
---
use sea_orm::entity::prelude::*;

#[sea_orm::model]
#[derive(Clone, Debug, PartialEq, Eq, DeriveEntityModel)]
#[sea_orm(table_name = "user")]
pub struct Model {
    #[sea_orm(primary_key)]
    pub id: Uuid,
    #[sea_orm(has_one, relation_enum = "Settings", via = "settings")]
    pub created_by_user: HasOne<super::settings::Entity>,
    #[sea_orm(has_one, relation_enum = "UpdatedByUser", via = "settings")]
    pub updated_by_user: HasOne<super::settings::Entity>,
}

vespera::schema_type!(Schema from Model, name = "UserSchema");
impl ActiveModelBehavior for ActiveModel {}
