---
source: crates/vespertide-exporter/src/seaorm/mod.rs
expression: rendered
---
use sea_orm::entity::prelude::*;
use serde::{Deserialize, Serialize};

#[derive(Debug, Clone, PartialEq, Eq, EnumIter, DeriveActiveEnum, Serialize, Deserialize, vespera::Schema)]
#[serde(rename_all = "camelCase")]
#[sea_orm(rs_type = "String", db_type = "Enum", enum_name = "orders_order_status")]
pub enum OrderStatus {
    #[sea_orm(string_value = "pending")]
    Pending,
    #[sea_orm(string_value = "shipped")]
    Shipped,
    #[sea_orm(string_value = "delivered")]
    Delivered,
}

#[sea_orm::model]
#[derive(Clone, Debug, PartialEq, Eq, DeriveEntityModel)]
#[sea_orm(table_name = "orders")]
pub struct Model {
    #[sea_orm(primary_key)]
    pub id: i32,
    pub status: OrderStatus,
}

vespera::schema_type!(Schema from Model, name = "OrdersSchema");
impl ActiveModelBehavior for ActiveModel {}
