---
source: crates/vespertide-exporter/src/seaorm/mod.rs
expression: result
---
#[derive(Debug, Clone, PartialEq, Eq, EnumIter, DeriveActiveEnum, Serialize, Deserialize, vespera::Schema)]
#[sea_orm(rs_type = "String", db_type = "Enum", enum_name = "orders_order_status")]
pub enum OrderStatus {
    #[sea_orm(string_value = "pending")]
    Pending,
    #[sea_orm(string_value = "shipped")]
    Shipped,
    #[sea_orm(string_value = "delivered")]
    Delivered,
}
