---
source: crates/vespertide-exporter/src/seaorm/mod.rs
assertion_line: 2367
expression: rendered
---
use sea_orm::entity::prelude::*;
use serde::{Deserialize, Serialize};

#[sea_orm::model]
#[derive(Clone, Debug, PartialEq, Eq, DeriveEntityModel, Serialize, Deserialize)]
#[sea_orm(table_name = "user")]
pub struct Model {
    #[sea_orm(primary_key)]
    pub id: Uuid,
    #[sea_orm(has_many, relation_enum = "PreferredUser", via_rel = "PreferredUser")]
    pub preferred_user_profiles: HasMany<super::profile::Entity>,
    #[sea_orm(has_many, relation_enum = "BackupUser", via_rel = "BackupUser")]
    pub backup_user_profiles: HasMany<super::profile::Entity>,
}

impl ActiveModelBehavior for ActiveModel {}
