---
source: crates/vespertide-exporter/src/seaorm/mod.rs
expression: rendered
---
use sea_orm::entity::prelude::*;

#[sea_orm::model]
#[derive(Clone, Debug, PartialEq, Eq, DeriveEntityModel)]
#[sea_orm(table_name = "json_struct")]
pub struct Model {
    #[sea_orm(primary_key)]
    pub id: i32,
    pub json_data: Json,
    #[sea_orm(column_type = "JSONB")]
    pub jsonb_data: Json,
    #[sea_orm(column_type = "jsonb")]
    pub jsonb_nullable: Option<Json>,
}

vespera::schema_type!(Schema from Model, name = "JsonStructSchema");
impl ActiveModelBehavior for ActiveModel {}
