---
source: crates/vespertide-exporter/src/seaorm/mod.rs
expression: rendered
---
use sea_orm::entity::prelude::*;

#[sea_orm::model]
#[derive(Clone, Debug, PartialEq, Eq, DeriveEntityModel)]
#[sea_orm(table_name = "accounts")]
pub struct Model {
    #[sea_orm(primary_key, auto_increment = false)]
    pub id: i32,
    #[sea_orm(primary_key, auto_increment = false)]
    pub tenant_id: i64,
}

impl ActiveModelBehavior for ActiveModel {}
