---
source: crates/vespertide-exporter/src/seaorm/mod.rs
expression: rendered
---
use sea_orm::entity::prelude::*;

#[sea_orm::model]
#[derive(Clone, Debug, PartialEq, Eq, DeriveEntityModel)]
#[sea_orm(table_name = "article")]
pub struct Model {
    #[sea_orm(primary_key)]
    pub id: i64,
    #[sea_orm(has_many)]
    pub article_users: HasMany<super::article_user::Entity>,
}

vespera::schema_type!(Schema from Model, name = "ArticleSchema");
impl ActiveModelBehavior for ActiveModel {}
