---
source: crates/vespertide-exporter/src/seaorm/mod.rs
expression: rendered
---
use sea_orm::entity::prelude::*;
use serde::{Deserialize, Serialize};

#[derive(Debug, Clone, PartialEq, Eq, EnumIter, DeriveActiveEnum, Serialize, Deserialize, vespera::Schema)]
#[serde(rename_all = "camelCase")]
#[sea_orm(rs_type = "i32", db_type = "Integer")]
pub enum TaskStatus {
    Pending = 0,
    InProgress = 1,
    Completed = 100,
}

#[sea_orm::model]
#[derive(Clone, Debug, PartialEq, Eq, DeriveEntityModel)]
#[sea_orm(table_name = "tasks")]
pub struct Model {
    #[sea_orm(primary_key)]
    pub id: i32,
    #[sea_orm(default_value = 0)]
    pub status: TaskStatus,
}

vespera::schema_type!(Schema from Model, name = "TasksSchema");
impl ActiveModelBehavior for ActiveModel {}
