---
source: crates/vespertide-exporter/src/seaorm/mod.rs
expression: rendered
---
use sea_orm::entity::prelude::*;

#[sea_orm::model]
#[derive(Clone, Debug, PartialEq, Eq, DeriveEntityModel)]
#[sea_orm(table_name = "posts")]
pub struct Model {
    #[sea_orm(primary_key)]
    pub id: i32,
    pub user_id: i32,
    pub title: Option<String>,
    #[sea_orm(belongs_to, from = "user_id", to = "id")]
    pub user: HasOne<super::users::Entity>,
}

vespera::schema_type!(Schema from Model, name = "PostsSchema");
impl ActiveModelBehavior for ActiveModel {}
