---
source: crates/vespertide-query/src/sql/modify_column_type.rs
expression: sql
---
CREATE TYPE "status_new" AS ENUM ('active', 'inactive', 'pending');
ALTER TABLE "users" ALTER COLUMN "status" TYPE "status_new" USING "status"::text::"status_new";
DROP TYPE "status";
ALTER TYPE "status_new" RENAME TO "status"
