---
source: crates/vespertide-query/src/sql/modify_column_default.rs
expression: sql
---
CREATE TABLE "products_temp" ( "id" integer NOT NULL, "quantity" integer NOT NULL DEFAULT 0 )
INSERT INTO "products_temp" ("id", "quantity") SELECT "id", "quantity" FROM "products"
DROP TABLE "products"
ALTER TABLE "products_temp" RENAME TO "products"
