---
source: crates/vespertide-query/src/sql/remove_constraint.rs
expression: sql
---
CREATE TABLE "users_temp" ( "id" integer NOT NULL, "age" integer, PRIMARY KEY ("id") )
INSERT INTO "users_temp" ("id", "age") SELECT "id", "age" FROM "users"
DROP TABLE "users"
ALTER TABLE "users_temp" RENAME TO "users"
