---
source: crates/vespertide-query/src/sql/modify_column_default.rs
expression: sql
---
CREATE TABLE "users_temp" ( "id" integer NOT NULL, "email" text DEFAULT 'unknown' )
INSERT INTO "users_temp" ("id", "email") SELECT "id", "email" FROM "users"
DROP TABLE "users"
ALTER TABLE "users_temp" RENAME TO "users"
