---
source: crates/vespertide-query/src/sql/add_constraint.rs
expression: "result.iter().map(|q| q.build(backend)).collect::<Vec<String>>().join(\"\\n\")"
---
ALTER TABLE `users` ADD CONSTRAINT `fk_users__fk_user` FOREIGN KEY (`user_id`) REFERENCES `users` (`id`) ON DELETE CASCADE ON UPDATE RESTRICT
