---
source: crates/vespertide-query/src/sql/modify_column_type.rs
expression: sql
---
CREATE TABLE "users_temp" ( "id" integer NOT NULL, "email" varchar(255) );
INSERT INTO "users_temp" ("id", "email") SELECT "id", "email" FROM "users";
DROP TABLE "users";
ALTER TABLE "users_temp" RENAME TO "users";
CREATE UNIQUE INDEX "idx_email" ON "users" ("email")
