---
source: crates/vespertide-query/src/sql/add_column.rs
expression: "result.iter().map(|q| q.build(backend)).collect::<Vec<String>>().join(\"\\n\")"
---
ALTER TABLE "users" ADD COLUMN "nickname" text
UPDATE "users" SET "nickname" = 0
ALTER TABLE "users" ALTER COLUMN "nickname" TYPE text, ALTER COLUMN "nickname" SET NOT NULL
