---
source: crates/vespertide-exporter/src/orm.rs
expression: result.unwrap()
---
use sea_orm::entity::prelude::*;

#[sea_orm::model]
#[derive(Clone, Debug, PartialEq, Eq, DeriveEntityModel)]
#[sea_orm(table_name = "test")]
pub struct Model {
    #[sea_orm(primary_key)]
    pub id: i32,
}

impl ActiveModelBehavior for ActiveModel {}
