---
source: crates/vespertide-query/src/sql.rs
expression: "result.iter().map(|q| q.build(backend)).collect::<Vec<String>>().join(\"\\n\")"
---
ALTER TABLE "users" ADD COLUMN "age" integer
UPDATE "users" SET "age" = 0
-- SQLite: ALTER TABLE "users" requires table recreation to set NOT NULL on "age"
