---
source: crates/vespertide-exporter/src/sqlmodel/mod.rs
expression: result
---
from __future__ import annotations

from datetime import datetime

from sqlmodel import Field, SQLModel
from sqlalchemy import text


class Settings(SQLModel, table=True):
    __tablename__ = "settings"

    id: int = Field(primary_key=True)
    is_active: bool = Field(default=True)
    count: int = Field(default=0)
    created_at: datetime = Field(sa_column_kwargs={"server_default": text("now()")})
